{
  "version": "1.4.0",
  "plugins_used": [
    {
      "name": "ArtifactoryDetector"
    },
    {
      "name": "AWSKeyDetector"
    },
    {
      "name": "AzureStorageKeyDetector"
    },
    {
      "name": "Base64HighEntropyString",
      "limit": 4.5
    },
    {
      "name": "BasicAuthDetector"
    },
    {
      "name": "CloudantDetector"
    },
    {
      "name": "DiscordBotTokenDetector"
    },
    {
      "name": "GitHubTokenDetector"
    },
    {
      "name": "HexHighEntropyString",
      "limit": 3.0
    },
    {
      "name": "IbmCloudIamDetector"
    },
    {
      "name": "IbmCosHmacDetector"
    },
    {
      "name": "JwtTokenDetector"
    },
    {
      "name": "KeywordDetector",
      "keyword_exclude": ""
    },
    {
      "name": "MailchimpDetector"
    },
    {
      "name": "NpmDetector"
    },
    {
      "name": "PrivateKeyDetector"
    },
    {
      "name": "SendGridDetector"
    },
    {
      "name": "SlackDetector"
    },
    {
      "name": "SoftlayerDetector"
    },
    {
      "name": "SquareOAuthDetector"
    },
    {
      "name": "StripeDetector"
    },
    {
      "name": "TwilioKeyDetector"
    }
  ],
  "filters_used": [
    {
      "path": "detect_secrets.filters.allowlist.is_line_allowlisted"
    },
    {
      "path": "detect_secrets.filters.common.is_ignored_due_to_verification_policies",
      "min_level": 2
    },
    {
      "path": "detect_secrets.filters.heuristic.is_indirect_reference"
    },
    {
      "path": "detect_secrets.filters.heuristic.is_likely_id_string"
    },
    {
      "path": "detect_secrets.filters.heuristic.is_lock_file"
    },
    {
      "path": "detect_secrets.filters.heuristic.is_not_alphanumeric_string"
    },
    {
      "path": "detect_secrets.filters.heuristic.is_potential_uuid"
    },
    {
      "path": "detect_secrets.filters.heuristic.is_prefixed_with_dollar_sign"
    },
    {
      "path": "detect_secrets.filters.heuristic.is_sequential_string"
    },
    {
      "path": "detect_secrets.filters.heuristic.is_swagger_file"
    },
    {
      "path": "detect_secrets.filters.heuristic.is_templated_secret"
    },
    {
      "path": "detect_secrets.filters.regex.should_exclude_file",
      "pattern": [
        "(package-lock.json|\\.env\\.example)"
      ]
    },
    {
      "path": "detect_secrets.filters.regex.should_exclude_line",
      "pattern": [
        "pragma: allowlist secret"
      ]
    }
  ],
  "results": {
    ".claude/agents/agent-os/contract-designer.md": [
      {
        "type": "Secret Keyword",
        "filename": ".claude/agents/agent-os/contract-designer.md",
        "hashed_secret": "f4991d9f176172ed58e57601a72127318a839f4d",
        "is_verified": false,
        "line_number": 191
      }
    ],
    ".claude/agents/agent-os/full-stack-verifier.md": [
      {
        "type": "Secret Keyword",
        "filename": ".claude/agents/agent-os/full-stack-verifier.md",
        "hashed_secret": "20b05c695ef1f14caa80ab1ce617d503ba9de093",
        "is_verified": false,
        "line_number": 145
      }
    ],
    ".claude/commands/api/design.md": [
      {
        "type": "Secret Keyword",
        "filename": ".claude/commands/api/design.md",
        "hashed_secret": "1ac046d38cac4e92968c999d5ab1fa9ebeb2022e",
        "is_verified": false,
        "line_number": 203
      },
      {
        "type": "Hex High Entropy String",
        "filename": ".claude/commands/api/design.md",
        "hashed_secret": "2431dcd348f1cc7e2d70c13eed1df1ee77452bfb",
        "is_verified": false,
        "line_number": 240
      }
    ],
    ".claude/commands/api/document.md": [
      {
        "type": "Secret Keyword",
        "filename": ".claude/commands/api/document.md",
        "hashed_secret": "a616a64c0fbc30f12287d0f24f3b90dd2e6a206e",
        "is_verified": false,
        "line_number": 558
      }
    ],
    ".claude/commands/api/version.md": [
      {
        "type": "Secret Keyword",
        "filename": ".claude/commands/api/version.md",
        "hashed_secret": "f4bd37ba60c10958ceda8e9c77b44404035e07a0",
        "is_verified": false,
        "line_number": 357
      },
      {
        "type": "Secret Keyword",
        "filename": ".claude/commands/api/version.md",
        "hashed_secret": "47f52f1f23e30e1b3d066918f9ec6bc8c8160088",
        "is_verified": false,
        "line_number": 530
      }
    ],
    ".claude/commands/auth/test.md": [
      {
        "type": "Secret Keyword",
        "filename": ".claude/commands/auth/test.md",
        "hashed_secret": "59b5f35b1aa4c028953107968302765e1dba1cff",
        "is_verified": false,
        "line_number": 131
      },
      {
        "type": "Secret Keyword",
        "filename": ".claude/commands/auth/test.md",
        "hashed_secret": "9da133c45f71d2bb9d5eb7cfa6fce7cdb6a215b5",
        "is_verified": false,
        "line_number": 158
      },
      {
        "type": "Secret Keyword",
        "filename": ".claude/commands/auth/test.md",
        "hashed_secret": "a4b48a81cdab1e1a5dd37907d6c85ca1c61ddc7c",
        "is_verified": false,
        "line_number": 179
      },
      {
        "type": "Secret Keyword",
        "filename": ".claude/commands/auth/test.md",
        "hashed_secret": "8867c88b56e0bfb82cffaf15a66bc8d107d6754a",
        "is_verified": false,
        "line_number": 196
      },
      {
        "type": "Secret Keyword",
        "filename": ".claude/commands/auth/test.md",
        "hashed_secret": "a94a8fe5ccb19ba61c4c0873d391e987982fbbd3",
        "is_verified": false,
        "line_number": 441
      }
    ],
    ".claude/commands/dev/review.md": [
      {
        "type": "Secret Keyword",
        "filename": ".claude/commands/dev/review.md",
        "hashed_secret": "5f5f8758f5f22d523e531f58123b6db9161683a4",
        "is_verified": false,
        "line_number": 126
      },
      {
        "type": "Secret Keyword",
        "filename": ".claude/commands/dev/review.md",
        "hashed_secret": "6a9f6c3fff9581a22ef10cabd544143e37c61b4f",
        "is_verified": false,
        "line_number": 129
      }
    ],
    ".claude/commands/docker/init.md": [
      {
        "type": "Basic Auth Credentials",
        "filename": ".claude/commands/docker/init.md",
        "hashed_secret": "9d4e1e23bd5b727046a9e3b4b7db57bd8d6ee684",
        "is_verified": false,
        "line_number": 387
      }
    ],
    ".claude/commands/monitoring/alerts.md": [
      {
        "type": "Secret Keyword",
        "filename": ".claude/commands/monitoring/alerts.md",
        "hashed_secret": "e2c4b4939ed13698eb306b3711a54829cd458816",
        "is_verified": false,
        "line_number": 447
      },
      {
        "type": "Secret Keyword",
        "filename": ".claude/commands/monitoring/alerts.md",
        "hashed_secret": "112bb791304791ddcf692e29fd5cf149b35fea37",
        "is_verified": false,
        "line_number": 466
      },
      {
        "type": "Secret Keyword",
        "filename": ".claude/commands/monitoring/alerts.md",
        "hashed_secret": "fb652f5af62d54cbc044f1118f31c2cd83a44327",
        "is_verified": false,
        "line_number": 490
      },
      {
        "type": "Secret Keyword",
        "filename": ".claude/commands/monitoring/alerts.md",
        "hashed_secret": "f4bd37ba60c10958ceda8e9c77b44404035e07a0",
        "is_verified": false,
        "line_number": 672
      }
    ],
    ".claude/commands/project/publish.md": [
      {
        "type": "Basic Auth Credentials",
        "filename": ".claude/commands/project/publish.md",
        "hashed_secret": "9d4e1e23bd5b727046a9e3b4b7db57bd8d6ee684",
        "is_verified": false,
        "line_number": 488
      }
    ],
    ".claude/commands/solve/api-integration.md": [
      {
        "type": "Secret Keyword",
        "filename": ".claude/commands/solve/api-integration.md",
        "hashed_secret": "fe1bae27cb7c1fb823f496f286e78f1d2ae87734",
        "is_verified": false,
        "line_number": 768
      }
    ],
    ".claude/commands/solve/implement.md": [
      {
        "type": "Basic Auth Credentials",
        "filename": ".claude/commands/solve/implement.md",
        "hashed_secret": "5baa61e4c9b93f3f0682250b6cf8331b7ee68fd8",
        "is_verified": false,
        "line_number": 798
      },
      {
        "type": "Basic Auth Credentials",
        "filename": ".claude/commands/solve/implement.md",
        "hashed_secret": "35675e68f4b5af7b995d9205ad0fc43842f16450",
        "is_verified": false,
        "line_number": 806
      }
    ],
    ".claude/commands/testing/e2e.md": [
      {
        "type": "Secret Keyword",
        "filename": ".claude/commands/testing/e2e.md",
        "hashed_secret": "72559b51f94a7a3ad058c5740cbe2f7cb0d4080b",
        "is_verified": false,
        "line_number": 154
      }
    ],
    ".claude/commands/testing/integration.md": [
      {
        "type": "Secret Keyword",
        "filename": ".claude/commands/testing/integration.md",
        "hashed_secret": "72559b51f94a7a3ad058c5740cbe2f7cb0d4080b",
        "is_verified": false,
        "line_number": 183
      }
    ],
    ".worktrees/ai-ops/EMAIL_DELIVERY_COMPLETE.md": [
      {
        "type": "Secret Keyword",
        "filename": ".worktrees/ai-ops/EMAIL_DELIVERY_COMPLETE.md",
        "hashed_secret": "acb78adaa3a2e97d7a2877b988642a275a3aedf8",
        "is_verified": false,
        "line_number": 131
      }
    ],
    ".worktrees/ai-ops/MCP_SETUP_GUIDE.md": [
      {
        "type": "Secret Keyword",
        "filename": ".worktrees/ai-ops/MCP_SETUP_GUIDE.md",
        "hashed_secret": "d72cde51ec0caa5bf53f111998cb8db6db694a78",
        "is_verified": false,
        "line_number": 150
      },
      {
        "type": "Secret Keyword",
        "filename": ".worktrees/ai-ops/MCP_SETUP_GUIDE.md",
        "hashed_secret": "852d05e55db97bb183efc7c7511a1bba27d85824",
        "is_verified": false,
        "line_number": 241
      }
    ],
    ".worktrees/ai-ops/PMS_HUB_IMPLEMENTATION.md": [
      {
        "type": "Secret Keyword",
        "filename": ".worktrees/ai-ops/PMS_HUB_IMPLEMENTATION.md",
        "hashed_secret": "89a6cfe2a229151e8055abee107d45ed087bbb4f",
        "is_verified": false,
        "line_number": 282
      },
      {
        "type": "Secret Keyword",
        "filename": ".worktrees/ai-ops/PMS_HUB_IMPLEMENTATION.md",
        "hashed_secret": "b60d121b438a380c343d5ec3c2037564b82ffef3",
        "is_verified": false,
        "line_number": 374
      }
    ],
    ".worktrees/ai-ops/PMS_HUB_QUICK_REFERENCE.md": [
      {
        "type": "Secret Keyword",
        "filename": ".worktrees/ai-ops/PMS_HUB_QUICK_REFERENCE.md",
        "hashed_secret": "83ff9f4e0d16d61727cbdf47d769fb707b652217",
        "is_verified": false,
        "line_number": 179
      },
      {
        "type": "Secret Keyword",
        "filename": ".worktrees/ai-ops/PMS_HUB_QUICK_REFERENCE.md",
        "hashed_secret": "76a3330d1ebe1e20c9824c59cafac491bcfa43c3",
        "is_verified": false,
        "line_number": 189
      },
      {
        "type": "Secret Keyword",
        "filename": ".worktrees/ai-ops/PMS_HUB_QUICK_REFERENCE.md",
        "hashed_secret": "7b643f9d9cc287eecfd08434618f150d5ce9ce09",
        "is_verified": false,
        "line_number": 190
      }
    ],
    ".worktrees/ai-ops/data/secure_vault.json": [
      {
        "type": "Base64 High Entropy String",
        "filename": ".worktrees/ai-ops/data/secure_vault.json",
        "hashed_secret": "1bd5fdbe160968248da8831dc3173e7744fdc6ad",
        "is_verified": false,
        "line_number": 1
      },
      {
        "type": "Secret Keyword",
        "filename": ".worktrees/ai-ops/data/secure_vault.json",
        "hashed_secret": "1bd5fdbe160968248da8831dc3173e7744fdc6ad",
        "is_verified": false,
        "line_number": 1
      },
      {
        "type": "Base64 High Entropy String",
        "filename": ".worktrees/ai-ops/data/secure_vault.json",
        "hashed_secret": "b513494cce97ebd796b33e63c465534842d085a7",
        "is_verified": false,
        "line_number": 1
      }
    ],
    ".worktrees/ai-ops/docker/base/fs/etc/searxng/settings.yml": [
      {
        "type": "Secret Keyword",
        "filename": ".worktrees/ai-ops/docker/base/fs/etc/searxng/settings.yml",
        "hashed_secret": "829c3804401b0727f70f73d4415e162400cbe57b",
        "is_verified": false,
        "line_number": 18
      }
    ],
    ".worktrees/ai-ops/docker/run/fs/etc/searxng/settings.yml": [
      {
        "type": "Secret Keyword",
        "filename": ".worktrees/ai-ops/docker/run/fs/etc/searxng/settings.yml",
        "hashed_secret": "829c3804401b0727f70f73d4415e162400cbe57b",
        "is_verified": false,
        "line_number": 23
      }
    ],
    ".worktrees/ai-ops/docs/EMAIL_COMPLETE.md": [
      {
        "type": "Secret Keyword",
        "filename": ".worktrees/ai-ops/docs/EMAIL_COMPLETE.md",
        "hashed_secret": "acb78adaa3a2e97d7a2877b988642a275a3aedf8",
        "is_verified": false,
        "line_number": 64
      }
    ],
    ".worktrees/ai-ops/docs/EMAIL_INTEGRATION_PHASE1.md": [
      {
        "type": "Secret Keyword",
        "filename": ".worktrees/ai-ops/docs/EMAIL_INTEGRATION_PHASE1.md",
        "hashed_secret": "002ef489f4ab9ceaa8f81bd691b850442b967f82",
        "is_verified": false,
        "line_number": 135
      }
    ],
    ".worktrees/ai-ops/docs/EMAIL_QUICK_REFERENCE.md": [
      {
        "type": "Secret Keyword",
        "filename": ".worktrees/ai-ops/docs/EMAIL_QUICK_REFERENCE.md",
        "hashed_secret": "7f456238fb9931f2b221ec19bb58c4f2c32efeb7",
        "is_verified": false,
        "line_number": 22
      }
    ],
    ".worktrees/ai-ops/docs/EMAIL_QUICK_START.md": [
      {
        "type": "Secret Keyword",
        "filename": ".worktrees/ai-ops/docs/EMAIL_QUICK_START.md",
        "hashed_secret": "acb78adaa3a2e97d7a2877b988642a275a3aedf8",
        "is_verified": false,
        "line_number": 25
      }
    ],
    ".worktrees/ai-ops/docs/GMAIL_API_PHASE2_PHASE3.md": [
      {
        "type": "Secret Keyword",
        "filename": ".worktrees/ai-ops/docs/GMAIL_API_PHASE2_PHASE3.md",
        "hashed_secret": "dfd8e9adf613d1b2a46dfac755c50174ccecef4c",
        "is_verified": false,
        "line_number": 110
      }
    ],
    ".worktrees/ai-ops/docs/OLLAMA_QWEN_CONFIG.md": [
      {
        "type": "Secret Keyword",
        "filename": ".worktrees/ai-ops/docs/OLLAMA_QWEN_CONFIG.md",
        "hashed_secret": "6d9c68c603e465077bdd49c62347fe54717f83a3",
        "is_verified": false,
        "line_number": 286
      }
    ],
    ".worktrees/ai-ops/docs/mcp_setup.md": [
      {
        "type": "Secret Keyword",
        "filename": ".worktrees/ai-ops/docs/mcp_setup.md",
        "hashed_secret": "42c67b199720ab077a3a1199c7d24a5f338aa784",
        "is_verified": false,
        "line_number": 47
      }
    ],
    ".worktrees/ai-ops/lib/browser/extract_dom.js": [
      {
        "type": "Base64 High Entropy String",
        "filename": ".worktrees/ai-ops/lib/browser/extract_dom.js",
        "hashed_secret": "e582429052cdb908833560f6f7582d232de37c4d",
        "is_verified": false,
        "line_number": 21
      }
    ],
    ".worktrees/ai-ops/mcp_config_claude.json": [
      {
        "type": "Secret Keyword",
        "filename": ".worktrees/ai-ops/mcp_config_claude.json",
        "hashed_secret": "9d09b00c1a5a3255e4c7367408c70956f69e07d6",
        "is_verified": false,
        "line_number": 30
      },
      {
        "type": "Secret Keyword",
        "filename": ".worktrees/ai-ops/mcp_config_claude.json",
        "hashed_secret": "37c0f71fc43bf72135da9ccaf4c48466a6cae901",
        "is_verified": false,
        "line_number": 92
      },
      {
        "type": "Secret Keyword",
        "filename": ".worktrees/ai-ops/mcp_config_claude.json",
        "hashed_secret": "c683e8e3c7a0335dd1f5b1a88c58f19beae4db1d",
        "is_verified": false,
        "line_number": 123
      },
      {
        "type": "Secret Keyword",
        "filename": ".worktrees/ai-ops/mcp_config_claude.json",
        "hashed_secret": "a5e5a97d122f2bcdd30b3ac0f90771b78f993bca",
        "is_verified": false,
        "line_number": 147
      }
    ],
    ".worktrees/ai-ops/ollama_models/id_ed25519": [
      {
        "type": "Private Key",
        "filename": ".worktrees/ai-ops/ollama_models/id_ed25519",
        "hashed_secret": "27c6929aef41ae2bcadac15ca6abcaff72cda9cd",
        "is_verified": false,
        "line_number": 1
      }
    ],
    ".worktrees/ai-ops/prompts/agent.system.tool.email.md": [
      {
        "type": "Secret Keyword",
        "filename": ".worktrees/ai-ops/prompts/agent.system.tool.email.md",
        "hashed_secret": "002ef489f4ab9ceaa8f81bd691b850442b967f82",
        "is_verified": false,
        "line_number": 18
      }
    ],
    ".worktrees/ai-ops/python/api/telegram_settings_set.py": [
      {
        "type": "Secret Keyword",
        "filename": ".worktrees/ai-ops/python/api/telegram_settings_set.py",
        "hashed_secret": "546757ad7f34b50e3867b7d553dd6fad50cb1636",
        "is_verified": false,
        "line_number": 15
      }
    ],
    ".worktrees/ai-ops/python/helpers/dotenv.py": [
      {
        "type": "Secret Keyword",
        "filename": ".worktrees/ai-ops/python/helpers/dotenv.py",
        "hashed_secret": "52a6471aa091099b287f8b34445ffbfcf007b2fb",
        "is_verified": false,
        "line_number": 10
      },
      {
        "type": "Secret Keyword",
        "filename": ".worktrees/ai-ops/python/helpers/dotenv.py",
        "hashed_secret": "a951c7fa479050643d39d8ae6808c5d05cae03e1",
        "is_verified": false,
        "line_number": 11
      },
      {
        "type": "Secret Keyword",
        "filename": ".worktrees/ai-ops/python/helpers/dotenv.py",
        "hashed_secret": "d1844a0e656404494ef1b49f06911f3d49956e67",
        "is_verified": false,
        "line_number": 12
      }
    ],
    ".worktrees/ai-ops/python/helpers/proactive.py": [
      {
        "type": "Base64 High Entropy String",
        "filename": ".worktrees/ai-ops/python/helpers/proactive.py",
        "hashed_secret": "2e08848d4cc2d7b702bcd6aa7af63b82f9220e73",
        "is_verified": false,
        "line_number": 28
      }
    ],
    ".worktrees/ai-ops/python/helpers/secrets.py": [
      {
        "type": "Secret Keyword",
        "filename": ".worktrees/ai-ops/python/helpers/secrets.py",
        "hashed_secret": "88437c2d3afc1237572ec11edff64f7b8f4e44a3",
        "is_verified": false,
        "line_number": 19
      }
    ],
    ".worktrees/ai-ops/tests/test_email_integration.py": [
      {
        "type": "Secret Keyword",
        "filename": ".worktrees/ai-ops/tests/test_email_integration.py",
        "hashed_secret": "9fb7fe1217aed442b04c0f5e43b5d5a7d3287097",
        "is_verified": false,
        "line_number": 90
      }
    ],
    ".worktrees/ai-ops/tests/test_email_standalone.py": [
      {
        "type": "Secret Keyword",
        "filename": ".worktrees/ai-ops/tests/test_email_standalone.py",
        "hashed_secret": "9fb7fe1217aed442b04c0f5e43b5d5a7d3287097",
        "is_verified": false,
        "line_number": 63
      }
    ],
    ".worktrees/ai-ops/tests/test_gmail_api_phase2_phase3.py": [
      {
        "type": "Secret Keyword",
        "filename": ".worktrees/ai-ops/tests/test_gmail_api_phase2_phase3.py",
        "hashed_secret": "72cb70dbbafe97e5ea13ad88acd65d08389439b0",
        "is_verified": false,
        "line_number": 141
      },
      {
        "type": "Secret Keyword",
        "filename": ".worktrees/ai-ops/tests/test_gmail_api_phase2_phase3.py",
        "hashed_secret": "c94d65f02a652d11c2e5c2e1ccf38dce5a076e1e",
        "is_verified": false,
        "line_number": 219
      },
      {
        "type": "Secret Keyword",
        "filename": ".worktrees/ai-ops/tests/test_gmail_api_phase2_phase3.py",
        "hashed_secret": "233243ef95e736679cb1d5664a4c71ba89c10664",
        "is_verified": false,
        "line_number": 281
      }
    ],
    ".worktrees/ai-ops/tests/test_pms_providers.py": [
      {
        "type": "Secret Keyword",
        "filename": ".worktrees/ai-ops/tests/test_pms_providers.py",
        "hashed_secret": "00942f4668670f34c5943cf52c7ef3139fe2b8d6",
        "is_verified": false,
        "line_number": 28
      },
      {
        "type": "Secret Keyword",
        "filename": ".worktrees/ai-ops/tests/test_pms_providers.py",
        "hashed_secret": "72cb70dbbafe97e5ea13ad88acd65d08389439b0",
        "is_verified": false,
        "line_number": 130
      },
      {
        "type": "Secret Keyword",
        "filename": ".worktrees/ai-ops/tests/test_pms_providers.py",
        "hashed_secret": "1db33b6fc8959287231e3c15e7f07c693b2d1991",
        "is_verified": false,
        "line_number": 408
      }
    ],
    ".worktrees/ai-ops/tests/test_pms_registry.py": [
      {
        "type": "Secret Keyword",
        "filename": ".worktrees/ai-ops/tests/test_pms_registry.py",
        "hashed_secret": "b60d121b438a380c343d5ec3c2037564b82ffef3",
        "is_verified": false,
        "line_number": 29
      },
      {
        "type": "Secret Keyword",
        "filename": ".worktrees/ai-ops/tests/test_pms_registry.py",
        "hashed_secret": "a94a8fe5ccb19ba61c4c0873d391e987982fbbd3",
        "is_verified": false,
        "line_number": 61
      },
      {
        "type": "Secret Keyword",
        "filename": ".worktrees/ai-ops/tests/test_pms_registry.py",
        "hashed_secret": "c00dbbc9dadfbe1e232e93a729dd4752fade0abf",
        "is_verified": false,
        "line_number": 233
      },
      {
        "type": "Secret Keyword",
        "filename": ".worktrees/ai-ops/tests/test_pms_registry.py",
        "hashed_secret": "c2a6b03f190dfb2b4aa91f8af8d477a9bc3401dc",
        "is_verified": false,
        "line_number": 238
      },
      {
        "type": "Secret Keyword",
        "filename": ".worktrees/ai-ops/tests/test_pms_registry.py",
        "hashed_secret": "9c9c2851a11f00c5ae73b5d4f45b10f104868644",
        "is_verified": false,
        "line_number": 274
      },
      {
        "type": "Secret Keyword",
        "filename": ".worktrees/ai-ops/tests/test_pms_registry.py",
        "hashed_secret": "a6184e23a9a9eb7c642cbb6d93f363ae45007a81",
        "is_verified": false,
        "line_number": 322
      }
    ],
    ".worktrees/ai-ops/tests/test_security_identity.py": [
      {
        "type": "Secret Keyword",
        "filename": ".worktrees/ai-ops/tests/test_security_identity.py",
        "hashed_secret": "9e8702a6c6ed38e6d85b125b6408522f91521b33",
        "is_verified": false,
        "line_number": 68
      }
    ],
    ".worktrees/ai-ops/webui/components/projects/project-edit-secrets.html": [
      {
        "type": "Secret Keyword",
        "filename": ".worktrees/ai-ops/webui/components/projects/project-edit-secrets.html",
        "hashed_secret": "10884308fa3efc925800c5a0cf38938496346df6",
        "is_verified": false,
        "line_number": 34
      }
    ],
    ".worktrees/ai-ops/webui/components/settings/secrets/example-secrets.html": [
      {
        "type": "Secret Keyword",
        "filename": ".worktrees/ai-ops/webui/components/settings/secrets/example-secrets.html",
        "hashed_secret": "10884308fa3efc925800c5a0cf38938496346df6",
        "is_verified": false,
        "line_number": 22
      },
      {
        "type": "Secret Keyword",
        "filename": ".worktrees/ai-ops/webui/components/settings/secrets/example-secrets.html",
        "hashed_secret": "09e9d8e7fcff30a8e69ceb2770efbb2258eb04f6",
        "is_verified": false,
        "line_number": 25
      },
      {
        "type": "Secret Keyword",
        "filename": ".worktrees/ai-ops/webui/components/settings/secrets/example-secrets.html",
        "hashed_secret": "9605655b974ff18ce71222f461e6cbcfa7098feb",
        "is_verified": false,
        "line_number": 26
      },
      {
        "type": "Secret Keyword",
        "filename": ".worktrees/ai-ops/webui/components/settings/secrets/example-secrets.html",
        "hashed_secret": "aadf263e26d23334f1207014c0620446ac6b8cd9",
        "is_verified": false,
        "line_number": 29
      }
    ],
    ".worktrees/ai-ops/webui/index.html": [
      {
        "type": "Base64 High Entropy String",
        "filename": ".worktrees/ai-ops/webui/index.html",
        "hashed_secret": "7b4d44fec58d1e36bd37a2dc98ecaa8d8d13a690",
        "is_verified": false,
        "line_number": 104
      }
    ],
    ".worktrees/ai-ops/webui/vendor/ace-min/worker-yaml.js": [
      {
        "type": "Base64 High Entropy String",
        "filename": ".worktrees/ai-ops/webui/vendor/ace-min/worker-yaml.js",
        "hashed_secret": "fd8201493aad9512bb25129219813806e68b2c51",
        "is_verified": false,
        "line_number": 1
      }
    ],
    ".worktrees/ai-research/EMAIL_DELIVERY_COMPLETE.md": [
      {
        "type": "Secret Keyword",
        "filename": ".worktrees/ai-research/EMAIL_DELIVERY_COMPLETE.md",
        "hashed_secret": "acb78adaa3a2e97d7a2877b988642a275a3aedf8",
        "is_verified": false,
        "line_number": 131
      }
    ],
    ".worktrees/ai-research/MCP_SETUP_GUIDE.md": [
      {
        "type": "Secret Keyword",
        "filename": ".worktrees/ai-research/MCP_SETUP_GUIDE.md",
        "hashed_secret": "d72cde51ec0caa5bf53f111998cb8db6db694a78",
        "is_verified": false,
        "line_number": 150
      },
      {
        "type": "Secret Keyword",
        "filename": ".worktrees/ai-research/MCP_SETUP_GUIDE.md",
        "hashed_secret": "852d05e55db97bb183efc7c7511a1bba27d85824",
        "is_verified": false,
        "line_number": 241
      }
    ],
    ".worktrees/ai-research/PMS_HUB_IMPLEMENTATION.md": [
      {
        "type": "Secret Keyword",
        "filename": ".worktrees/ai-research/PMS_HUB_IMPLEMENTATION.md",
        "hashed_secret": "89a6cfe2a229151e8055abee107d45ed087bbb4f",
        "is_verified": false,
        "line_number": 282
      },
      {
        "type": "Secret Keyword",
        "filename": ".worktrees/ai-research/PMS_HUB_IMPLEMENTATION.md",
        "hashed_secret": "b60d121b438a380c343d5ec3c2037564b82ffef3",
        "is_verified": false,
        "line_number": 374
      }
    ],
    ".worktrees/ai-research/PMS_HUB_QUICK_REFERENCE.md": [
      {
        "type": "Secret Keyword",
        "filename": ".worktrees/ai-research/PMS_HUB_QUICK_REFERENCE.md",
        "hashed_secret": "83ff9f4e0d16d61727cbdf47d769fb707b652217",
        "is_verified": false,
        "line_number": 179
      },
      {
        "type": "Secret Keyword",
        "filename": ".worktrees/ai-research/PMS_HUB_QUICK_REFERENCE.md",
        "hashed_secret": "76a3330d1ebe1e20c9824c59cafac491bcfa43c3",
        "is_verified": false,
        "line_number": 189
      },
      {
        "type": "Secret Keyword",
        "filename": ".worktrees/ai-research/PMS_HUB_QUICK_REFERENCE.md",
        "hashed_secret": "7b643f9d9cc287eecfd08434618f150d5ce9ce09",
        "is_verified": false,
        "line_number": 190
      }
    ],
    ".worktrees/ai-research/data/secure_vault.json": [
      {
        "type": "Base64 High Entropy String",
        "filename": ".worktrees/ai-research/data/secure_vault.json",
        "hashed_secret": "1bd5fdbe160968248da8831dc3173e7744fdc6ad",
        "is_verified": false,
        "line_number": 1
      },
      {
        "type": "Secret Keyword",
        "filename": ".worktrees/ai-research/data/secure_vault.json",
        "hashed_secret": "1bd5fdbe160968248da8831dc3173e7744fdc6ad",
        "is_verified": false,
        "line_number": 1
      },
      {
        "type": "Base64 High Entropy String",
        "filename": ".worktrees/ai-research/data/secure_vault.json",
        "hashed_secret": "b513494cce97ebd796b33e63c465534842d085a7",
        "is_verified": false,
        "line_number": 1
      }
    ],
    ".worktrees/ai-research/docker/base/fs/etc/searxng/settings.yml": [
      {
        "type": "Secret Keyword",
        "filename": ".worktrees/ai-research/docker/base/fs/etc/searxng/settings.yml",
        "hashed_secret": "829c3804401b0727f70f73d4415e162400cbe57b",
        "is_verified": false,
        "line_number": 18
      }
    ],
    ".worktrees/ai-research/docker/run/fs/etc/searxng/settings.yml": [
      {
        "type": "Secret Keyword",
        "filename": ".worktrees/ai-research/docker/run/fs/etc/searxng/settings.yml",
        "hashed_secret": "829c3804401b0727f70f73d4415e162400cbe57b",
        "is_verified": false,
        "line_number": 23
      }
    ],
    ".worktrees/ai-research/docs/EMAIL_COMPLETE.md": [
      {
        "type": "Secret Keyword",
        "filename": ".worktrees/ai-research/docs/EMAIL_COMPLETE.md",
        "hashed_secret": "acb78adaa3a2e97d7a2877b988642a275a3aedf8",
        "is_verified": false,
        "line_number": 64
      }
    ],
    ".worktrees/ai-research/docs/EMAIL_INTEGRATION_PHASE1.md": [
      {
        "type": "Secret Keyword",
        "filename": ".worktrees/ai-research/docs/EMAIL_INTEGRATION_PHASE1.md",
        "hashed_secret": "002ef489f4ab9ceaa8f81bd691b850442b967f82",
        "is_verified": false,
        "line_number": 135
      }
    ],
    ".worktrees/ai-research/docs/EMAIL_QUICK_REFERENCE.md": [
      {
        "type": "Secret Keyword",
        "filename": ".worktrees/ai-research/docs/EMAIL_QUICK_REFERENCE.md",
        "hashed_secret": "7f456238fb9931f2b221ec19bb58c4f2c32efeb7",
        "is_verified": false,
        "line_number": 22
      }
    ],
    ".worktrees/ai-research/docs/EMAIL_QUICK_START.md": [
      {
        "type": "Secret Keyword",
        "filename": ".worktrees/ai-research/docs/EMAIL_QUICK_START.md",
        "hashed_secret": "acb78adaa3a2e97d7a2877b988642a275a3aedf8",
        "is_verified": false,
        "line_number": 25
      }
    ],
    ".worktrees/ai-research/docs/GMAIL_API_PHASE2_PHASE3.md": [
      {
        "type": "Secret Keyword",
        "filename": ".worktrees/ai-research/docs/GMAIL_API_PHASE2_PHASE3.md",
        "hashed_secret": "dfd8e9adf613d1b2a46dfac755c50174ccecef4c",
        "is_verified": false,
        "line_number": 110
      }
    ],
    ".worktrees/ai-research/docs/OLLAMA_QWEN_CONFIG.md": [
      {
        "type": "Secret Keyword",
        "filename": ".worktrees/ai-research/docs/OLLAMA_QWEN_CONFIG.md",
        "hashed_secret": "6d9c68c603e465077bdd49c62347fe54717f83a3",
        "is_verified": false,
        "line_number": 286
      }
    ],
    ".worktrees/ai-research/docs/mcp_setup.md": [
      {
        "type": "Secret Keyword",
        "filename": ".worktrees/ai-research/docs/mcp_setup.md",
        "hashed_secret": "42c67b199720ab077a3a1199c7d24a5f338aa784",
        "is_verified": false,
        "line_number": 47
      }
    ],
    ".worktrees/ai-research/lib/browser/extract_dom.js": [
      {
        "type": "Base64 High Entropy String",
        "filename": ".worktrees/ai-research/lib/browser/extract_dom.js",
        "hashed_secret": "e582429052cdb908833560f6f7582d232de37c4d",
        "is_verified": false,
        "line_number": 21
      }
    ],
    ".worktrees/ai-research/mcp_config_claude.json": [
      {
        "type": "Secret Keyword",
        "filename": ".worktrees/ai-research/mcp_config_claude.json",
        "hashed_secret": "9d09b00c1a5a3255e4c7367408c70956f69e07d6",
        "is_verified": false,
        "line_number": 30
      },
      {
        "type": "Secret Keyword",
        "filename": ".worktrees/ai-research/mcp_config_claude.json",
        "hashed_secret": "37c0f71fc43bf72135da9ccaf4c48466a6cae901",
        "is_verified": false,
        "line_number": 92
      },
      {
        "type": "Secret Keyword",
        "filename": ".worktrees/ai-research/mcp_config_claude.json",
        "hashed_secret": "c683e8e3c7a0335dd1f5b1a88c58f19beae4db1d",
        "is_verified": false,
        "line_number": 123
      },
      {
        "type": "Secret Keyword",
        "filename": ".worktrees/ai-research/mcp_config_claude.json",
        "hashed_secret": "a5e5a97d122f2bcdd30b3ac0f90771b78f993bca",
        "is_verified": false,
        "line_number": 147
      }
    ],
    ".worktrees/ai-research/ollama_models/id_ed25519": [
      {
        "type": "Private Key",
        "filename": ".worktrees/ai-research/ollama_models/id_ed25519",
        "hashed_secret": "27c6929aef41ae2bcadac15ca6abcaff72cda9cd",
        "is_verified": false,
        "line_number": 1
      }
    ],
    ".worktrees/ai-research/prompts/agent.system.tool.email.md": [
      {
        "type": "Secret Keyword",
        "filename": ".worktrees/ai-research/prompts/agent.system.tool.email.md",
        "hashed_secret": "002ef489f4ab9ceaa8f81bd691b850442b967f82",
        "is_verified": false,
        "line_number": 18
      }
    ],
    ".worktrees/ai-research/python/api/telegram_settings_set.py": [
      {
        "type": "Secret Keyword",
        "filename": ".worktrees/ai-research/python/api/telegram_settings_set.py",
        "hashed_secret": "546757ad7f34b50e3867b7d553dd6fad50cb1636",
        "is_verified": false,
        "line_number": 15
      }
    ],
    ".worktrees/ai-research/python/helpers/dotenv.py": [
      {
        "type": "Secret Keyword",
        "filename": ".worktrees/ai-research/python/helpers/dotenv.py",
        "hashed_secret": "52a6471aa091099b287f8b34445ffbfcf007b2fb",
        "is_verified": false,
        "line_number": 10
      },
      {
        "type": "Secret Keyword",
        "filename": ".worktrees/ai-research/python/helpers/dotenv.py",
        "hashed_secret": "a951c7fa479050643d39d8ae6808c5d05cae03e1",
        "is_verified": false,
        "line_number": 11
      },
      {
        "type": "Secret Keyword",
        "filename": ".worktrees/ai-research/python/helpers/dotenv.py",
        "hashed_secret": "d1844a0e656404494ef1b49f06911f3d49956e67",
        "is_verified": false,
        "line_number": 12
      }
    ],
    ".worktrees/ai-research/python/helpers/proactive.py": [
      {
        "type": "Base64 High Entropy String",
        "filename": ".worktrees/ai-research/python/helpers/proactive.py",
        "hashed_secret": "2e08848d4cc2d7b702bcd6aa7af63b82f9220e73",
        "is_verified": false,
        "line_number": 28
      }
    ],
    ".worktrees/ai-research/python/helpers/secrets.py": [
      {
        "type": "Secret Keyword",
        "filename": ".worktrees/ai-research/python/helpers/secrets.py",
        "hashed_secret": "88437c2d3afc1237572ec11edff64f7b8f4e44a3",
        "is_verified": false,
        "line_number": 19
      }
    ],
    ".worktrees/ai-research/tests/test_email_integration.py": [
      {
        "type": "Secret Keyword",
        "filename": ".worktrees/ai-research/tests/test_email_integration.py",
        "hashed_secret": "9fb7fe1217aed442b04c0f5e43b5d5a7d3287097",
        "is_verified": false,
        "line_number": 90
      }
    ],
    ".worktrees/ai-research/tests/test_email_standalone.py": [
      {
        "type": "Secret Keyword",
        "filename": ".worktrees/ai-research/tests/test_email_standalone.py",
        "hashed_secret": "9fb7fe1217aed442b04c0f5e43b5d5a7d3287097",
        "is_verified": false,
        "line_number": 63
      }
    ],
    ".worktrees/ai-research/tests/test_gmail_api_phase2_phase3.py": [
      {
        "type": "Secret Keyword",
        "filename": ".worktrees/ai-research/tests/test_gmail_api_phase2_phase3.py",
        "hashed_secret": "72cb70dbbafe97e5ea13ad88acd65d08389439b0",
        "is_verified": false,
        "line_number": 141
      },
      {
        "type": "Secret Keyword",
        "filename": ".worktrees/ai-research/tests/test_gmail_api_phase2_phase3.py",
        "hashed_secret": "c94d65f02a652d11c2e5c2e1ccf38dce5a076e1e",
        "is_verified": false,
        "line_number": 219
      },
      {
        "type": "Secret Keyword",
        "filename": ".worktrees/ai-research/tests/test_gmail_api_phase2_phase3.py",
        "hashed_secret": "233243ef95e736679cb1d5664a4c71ba89c10664",
        "is_verified": false,
        "line_number": 281
      }
    ],
    ".worktrees/ai-research/tests/test_pms_providers.py": [
      {
        "type": "Secret Keyword",
        "filename": ".worktrees/ai-research/tests/test_pms_providers.py",
        "hashed_secret": "00942f4668670f34c5943cf52c7ef3139fe2b8d6",
        "is_verified": false,
        "line_number": 28
      },
      {
        "type": "Secret Keyword",
        "filename": ".worktrees/ai-research/tests/test_pms_providers.py",
        "hashed_secret": "72cb70dbbafe97e5ea13ad88acd65d08389439b0",
        "is_verified": false,
        "line_number": 130
      },
      {
        "type": "Secret Keyword",
        "filename": ".worktrees/ai-research/tests/test_pms_providers.py",
        "hashed_secret": "1db33b6fc8959287231e3c15e7f07c693b2d1991",
        "is_verified": false,
        "line_number": 408
      }
    ],
    ".worktrees/ai-research/tests/test_pms_registry.py": [
      {
        "type": "Secret Keyword",
        "filename": ".worktrees/ai-research/tests/test_pms_registry.py",
        "hashed_secret": "b60d121b438a380c343d5ec3c2037564b82ffef3",
        "is_verified": false,
        "line_number": 29
      },
      {
        "type": "Secret Keyword",
        "filename": ".worktrees/ai-research/tests/test_pms_registry.py",
        "hashed_secret": "a94a8fe5ccb19ba61c4c0873d391e987982fbbd3",
        "is_verified": false,
        "line_number": 61
      },
      {
        "type": "Secret Keyword",
        "filename": ".worktrees/ai-research/tests/test_pms_registry.py",
        "hashed_secret": "c00dbbc9dadfbe1e232e93a729dd4752fade0abf",
        "is_verified": false,
        "line_number": 233
      },
      {
        "type": "Secret Keyword",
        "filename": ".worktrees/ai-research/tests/test_pms_registry.py",
        "hashed_secret": "c2a6b03f190dfb2b4aa91f8af8d477a9bc3401dc",
        "is_verified": false,
        "line_number": 238
      },
      {
        "type": "Secret Keyword",
        "filename": ".worktrees/ai-research/tests/test_pms_registry.py",
        "hashed_secret": "9c9c2851a11f00c5ae73b5d4f45b10f104868644",
        "is_verified": false,
        "line_number": 274
      },
      {
        "type": "Secret Keyword",
        "filename": ".worktrees/ai-research/tests/test_pms_registry.py",
        "hashed_secret": "a6184e23a9a9eb7c642cbb6d93f363ae45007a81",
        "is_verified": false,
        "line_number": 322
      }
    ],
    ".worktrees/ai-research/tests/test_security_identity.py": [
      {
        "type": "Secret Keyword",
        "filename": ".worktrees/ai-research/tests/test_security_identity.py",
        "hashed_secret": "9e8702a6c6ed38e6d85b125b6408522f91521b33",
        "is_verified": false,
        "line_number": 68
      }
    ],
    ".worktrees/ai-research/webui/components/projects/project-edit-secrets.html": [
      {
        "type": "Secret Keyword",
        "filename": ".worktrees/ai-research/webui/components/projects/project-edit-secrets.html",
        "hashed_secret": "10884308fa3efc925800c5a0cf38938496346df6",
        "is_verified": false,
        "line_number": 34
      }
    ],
    ".worktrees/ai-research/webui/components/settings/secrets/example-secrets.html": [
      {
        "type": "Secret Keyword",
        "filename": ".worktrees/ai-research/webui/components/settings/secrets/example-secrets.html",
        "hashed_secret": "10884308fa3efc925800c5a0cf38938496346df6",
        "is_verified": false,
        "line_number": 22
      },
      {
        "type": "Secret Keyword",
        "filename": ".worktrees/ai-research/webui/components/settings/secrets/example-secrets.html",
        "hashed_secret": "09e9d8e7fcff30a8e69ceb2770efbb2258eb04f6",
        "is_verified": false,
        "line_number": 25
      },
      {
        "type": "Secret Keyword",
        "filename": ".worktrees/ai-research/webui/components/settings/secrets/example-secrets.html",
        "hashed_secret": "9605655b974ff18ce71222f461e6cbcfa7098feb",
        "is_verified": false,
        "line_number": 26
      },
      {
        "type": "Secret Keyword",
        "filename": ".worktrees/ai-research/webui/components/settings/secrets/example-secrets.html",
        "hashed_secret": "aadf263e26d23334f1207014c0620446ac6b8cd9",
        "is_verified": false,
        "line_number": 29
      }
    ],
    ".worktrees/ai-research/webui/index.html": [
      {
        "type": "Base64 High Entropy String",
        "filename": ".worktrees/ai-research/webui/index.html",
        "hashed_secret": "7b4d44fec58d1e36bd37a2dc98ecaa8d8d13a690",
        "is_verified": false,
        "line_number": 104
      }
    ],
    ".worktrees/ai-research/webui/vendor/ace-min/worker-yaml.js": [
      {
        "type": "Base64 High Entropy String",
        "filename": ".worktrees/ai-research/webui/vendor/ace-min/worker-yaml.js",
        "hashed_secret": "fd8201493aad9512bb25129219813806e68b2c51",
        "is_verified": false,
        "line_number": 1
      }
    ],
    ".worktrees/ai-writer/EMAIL_DELIVERY_COMPLETE.md": [
      {
        "type": "Secret Keyword",
        "filename": ".worktrees/ai-writer/EMAIL_DELIVERY_COMPLETE.md",
        "hashed_secret": "acb78adaa3a2e97d7a2877b988642a275a3aedf8",
        "is_verified": false,
        "line_number": 131
      }
    ],
    ".worktrees/ai-writer/MCP_SETUP_GUIDE.md": [
      {
        "type": "Secret Keyword",
        "filename": ".worktrees/ai-writer/MCP_SETUP_GUIDE.md",
        "hashed_secret": "d72cde51ec0caa5bf53f111998cb8db6db694a78",
        "is_verified": false,
        "line_number": 150
      },
      {
        "type": "Secret Keyword",
        "filename": ".worktrees/ai-writer/MCP_SETUP_GUIDE.md",
        "hashed_secret": "852d05e55db97bb183efc7c7511a1bba27d85824",
        "is_verified": false,
        "line_number": 241
      }
    ],
    ".worktrees/ai-writer/data/secure_vault.json": [
      {
        "type": "Base64 High Entropy String",
        "filename": ".worktrees/ai-writer/data/secure_vault.json",
        "hashed_secret": "1bd5fdbe160968248da8831dc3173e7744fdc6ad",
        "is_verified": false,
        "line_number": 1
      },
      {
        "type": "Secret Keyword",
        "filename": ".worktrees/ai-writer/data/secure_vault.json",
        "hashed_secret": "1bd5fdbe160968248da8831dc3173e7744fdc6ad",
        "is_verified": false,
        "line_number": 1
      },
      {
        "type": "Base64 High Entropy String",
        "filename": ".worktrees/ai-writer/data/secure_vault.json",
        "hashed_secret": "b513494cce97ebd796b33e63c465534842d085a7",
        "is_verified": false,
        "line_number": 1
      }
    ],
    ".worktrees/ai-writer/docker/base/fs/etc/searxng/settings.yml": [
      {
        "type": "Secret Keyword",
        "filename": ".worktrees/ai-writer/docker/base/fs/etc/searxng/settings.yml",
        "hashed_secret": "829c3804401b0727f70f73d4415e162400cbe57b",
        "is_verified": false,
        "line_number": 18
      }
    ],
    ".worktrees/ai-writer/docker/run/fs/etc/searxng/settings.yml": [
      {
        "type": "Secret Keyword",
        "filename": ".worktrees/ai-writer/docker/run/fs/etc/searxng/settings.yml",
        "hashed_secret": "829c3804401b0727f70f73d4415e162400cbe57b",
        "is_verified": false,
        "line_number": 23
      }
    ],
    ".worktrees/ai-writer/docs/EMAIL_COMPLETE.md": [
      {
        "type": "Secret Keyword",
        "filename": ".worktrees/ai-writer/docs/EMAIL_COMPLETE.md",
        "hashed_secret": "acb78adaa3a2e97d7a2877b988642a275a3aedf8",
        "is_verified": false,
        "line_number": 64
      }
    ],
    ".worktrees/ai-writer/docs/EMAIL_INTEGRATION_PHASE1.md": [
      {
        "type": "Secret Keyword",
        "filename": ".worktrees/ai-writer/docs/EMAIL_INTEGRATION_PHASE1.md",
        "hashed_secret": "002ef489f4ab9ceaa8f81bd691b850442b967f82",
        "is_verified": false,
        "line_number": 135
      }
    ],
    ".worktrees/ai-writer/docs/EMAIL_QUICK_REFERENCE.md": [
      {
        "type": "Secret Keyword",
        "filename": ".worktrees/ai-writer/docs/EMAIL_QUICK_REFERENCE.md",
        "hashed_secret": "7f456238fb9931f2b221ec19bb58c4f2c32efeb7",
        "is_verified": false,
        "line_number": 22
      }
    ],
    ".worktrees/ai-writer/docs/EMAIL_QUICK_START.md": [
      {
        "type": "Secret Keyword",
        "filename": ".worktrees/ai-writer/docs/EMAIL_QUICK_START.md",
        "hashed_secret": "acb78adaa3a2e97d7a2877b988642a275a3aedf8",
        "is_verified": false,
        "line_number": 25
      }
    ],
    ".worktrees/ai-writer/docs/GMAIL_API_PHASE2_PHASE3.md": [
      {
        "type": "Secret Keyword",
        "filename": ".worktrees/ai-writer/docs/GMAIL_API_PHASE2_PHASE3.md",
        "hashed_secret": "dfd8e9adf613d1b2a46dfac755c50174ccecef4c",
        "is_verified": false,
        "line_number": 110
      }
    ],
    ".worktrees/ai-writer/docs/OLLAMA_QWEN_CONFIG.md": [
      {
        "type": "Secret Keyword",
        "filename": ".worktrees/ai-writer/docs/OLLAMA_QWEN_CONFIG.md",
        "hashed_secret": "6d9c68c603e465077bdd49c62347fe54717f83a3",
        "is_verified": false,
        "line_number": 286
      }
    ],
    ".worktrees/ai-writer/docs/mcp_setup.md": [
      {
        "type": "Secret Keyword",
        "filename": ".worktrees/ai-writer/docs/mcp_setup.md",
        "hashed_secret": "42c67b199720ab077a3a1199c7d24a5f338aa784",
        "is_verified": false,
        "line_number": 47
      }
    ],
    ".worktrees/ai-writer/lib/browser/extract_dom.js": [
      {
        "type": "Base64 High Entropy String",
        "filename": ".worktrees/ai-writer/lib/browser/extract_dom.js",
        "hashed_secret": "e582429052cdb908833560f6f7582d232de37c4d",
        "is_verified": false,
        "line_number": 21
      }
    ],
    ".worktrees/ai-writer/mcp_config_claude.json": [
      {
        "type": "Secret Keyword",
        "filename": ".worktrees/ai-writer/mcp_config_claude.json",
        "hashed_secret": "9d09b00c1a5a3255e4c7367408c70956f69e07d6",
        "is_verified": false,
        "line_number": 30
      },
      {
        "type": "Secret Keyword",
        "filename": ".worktrees/ai-writer/mcp_config_claude.json",
        "hashed_secret": "37c0f71fc43bf72135da9ccaf4c48466a6cae901",
        "is_verified": false,
        "line_number": 92
      },
      {
        "type": "Secret Keyword",
        "filename": ".worktrees/ai-writer/mcp_config_claude.json",
        "hashed_secret": "c683e8e3c7a0335dd1f5b1a88c58f19beae4db1d",
        "is_verified": false,
        "line_number": 123
      },
      {
        "type": "Secret Keyword",
        "filename": ".worktrees/ai-writer/mcp_config_claude.json",
        "hashed_secret": "a5e5a97d122f2bcdd30b3ac0f90771b78f993bca",
        "is_verified": false,
        "line_number": 147
      }
    ],
    ".worktrees/ai-writer/ollama_models/id_ed25519": [
      {
        "type": "Private Key",
        "filename": ".worktrees/ai-writer/ollama_models/id_ed25519",
        "hashed_secret": "27c6929aef41ae2bcadac15ca6abcaff72cda9cd",
        "is_verified": false,
        "line_number": 1
      }
    ],
    ".worktrees/ai-writer/prompts/agent.system.tool.email.md": [
      {
        "type": "Secret Keyword",
        "filename": ".worktrees/ai-writer/prompts/agent.system.tool.email.md",
        "hashed_secret": "002ef489f4ab9ceaa8f81bd691b850442b967f82",
        "is_verified": false,
        "line_number": 18
      }
    ],
    ".worktrees/ai-writer/python/helpers/dotenv.py": [
      {
        "type": "Secret Keyword",
        "filename": ".worktrees/ai-writer/python/helpers/dotenv.py",
        "hashed_secret": "52a6471aa091099b287f8b34445ffbfcf007b2fb",
        "is_verified": false,
        "line_number": 10
      },
      {
        "type": "Secret Keyword",
        "filename": ".worktrees/ai-writer/python/helpers/dotenv.py",
        "hashed_secret": "a951c7fa479050643d39d8ae6808c5d05cae03e1",
        "is_verified": false,
        "line_number": 11
      },
      {
        "type": "Secret Keyword",
        "filename": ".worktrees/ai-writer/python/helpers/dotenv.py",
        "hashed_secret": "d1844a0e656404494ef1b49f06911f3d49956e67",
        "is_verified": false,
        "line_number": 12
      }
    ],
    ".worktrees/ai-writer/python/helpers/proactive.py": [
      {
        "type": "Base64 High Entropy String",
        "filename": ".worktrees/ai-writer/python/helpers/proactive.py",
        "hashed_secret": "2e08848d4cc2d7b702bcd6aa7af63b82f9220e73",
        "is_verified": false,
        "line_number": 28
      }
    ],
    ".worktrees/ai-writer/python/helpers/secrets.py": [
      {
        "type": "Secret Keyword",
        "filename": ".worktrees/ai-writer/python/helpers/secrets.py",
        "hashed_secret": "88437c2d3afc1237572ec11edff64f7b8f4e44a3",
        "is_verified": false,
        "line_number": 19
      }
    ],
    ".worktrees/ai-writer/tests/test_email_integration.py": [
      {
        "type": "Secret Keyword",
        "filename": ".worktrees/ai-writer/tests/test_email_integration.py",
        "hashed_secret": "9fb7fe1217aed442b04c0f5e43b5d5a7d3287097",
        "is_verified": false,
        "line_number": 90
      }
    ],
    ".worktrees/ai-writer/tests/test_email_standalone.py": [
      {
        "type": "Secret Keyword",
        "filename": ".worktrees/ai-writer/tests/test_email_standalone.py",
        "hashed_secret": "9fb7fe1217aed442b04c0f5e43b5d5a7d3287097",
        "is_verified": false,
        "line_number": 63
      }
    ],
    ".worktrees/ai-writer/tests/test_gmail_api_phase2_phase3.py": [
      {
        "type": "Secret Keyword",
        "filename": ".worktrees/ai-writer/tests/test_gmail_api_phase2_phase3.py",
        "hashed_secret": "72cb70dbbafe97e5ea13ad88acd65d08389439b0",
        "is_verified": false,
        "line_number": 141
      },
      {
        "type": "Secret Keyword",
        "filename": ".worktrees/ai-writer/tests/test_gmail_api_phase2_phase3.py",
        "hashed_secret": "c94d65f02a652d11c2e5c2e1ccf38dce5a076e1e",
        "is_verified": false,
        "line_number": 219
      },
      {
        "type": "Secret Keyword",
        "filename": ".worktrees/ai-writer/tests/test_gmail_api_phase2_phase3.py",
        "hashed_secret": "233243ef95e736679cb1d5664a4c71ba89c10664",
        "is_verified": false,
        "line_number": 281
      }
    ],
    ".worktrees/ai-writer/tests/test_security_identity.py": [
      {
        "type": "Secret Keyword",
        "filename": ".worktrees/ai-writer/tests/test_security_identity.py",
        "hashed_secret": "9e8702a6c6ed38e6d85b125b6408522f91521b33",
        "is_verified": false,
        "line_number": 68
      }
    ],
    ".worktrees/ai-writer/webui/components/projects/project-edit-secrets.html": [
      {
        "type": "Secret Keyword",
        "filename": ".worktrees/ai-writer/webui/components/projects/project-edit-secrets.html",
        "hashed_secret": "10884308fa3efc925800c5a0cf38938496346df6",
        "is_verified": false,
        "line_number": 34
      }
    ],
    ".worktrees/ai-writer/webui/components/settings/secrets/example-secrets.html": [
      {
        "type": "Secret Keyword",
        "filename": ".worktrees/ai-writer/webui/components/settings/secrets/example-secrets.html",
        "hashed_secret": "10884308fa3efc925800c5a0cf38938496346df6",
        "is_verified": false,
        "line_number": 22
      },
      {
        "type": "Secret Keyword",
        "filename": ".worktrees/ai-writer/webui/components/settings/secrets/example-secrets.html",
        "hashed_secret": "09e9d8e7fcff30a8e69ceb2770efbb2258eb04f6",
        "is_verified": false,
        "line_number": 25
      },
      {
        "type": "Secret Keyword",
        "filename": ".worktrees/ai-writer/webui/components/settings/secrets/example-secrets.html",
        "hashed_secret": "9605655b974ff18ce71222f461e6cbcfa7098feb",
        "is_verified": false,
        "line_number": 26
      },
      {
        "type": "Secret Keyword",
        "filename": ".worktrees/ai-writer/webui/components/settings/secrets/example-secrets.html",
        "hashed_secret": "aadf263e26d23334f1207014c0620446ac6b8cd9",
        "is_verified": false,
        "line_number": 29
      }
    ],
    ".worktrees/ai-writer/webui/index.html": [
      {
        "type": "Base64 High Entropy String",
        "filename": ".worktrees/ai-writer/webui/index.html",
        "hashed_secret": "7b4d44fec58d1e36bd37a2dc98ecaa8d8d13a690",
        "is_verified": false,
        "line_number": 104
      }
    ],
    ".worktrees/ai-writer/webui/vendor/ace-min/worker-yaml.js": [
      {
        "type": "Base64 High Entropy String",
        "filename": ".worktrees/ai-writer/webui/vendor/ace-min/worker-yaml.js",
        "hashed_secret": "fd8201493aad9512bb25129219813806e68b2c51",
        "is_verified": false,
        "line_number": 1
      }
    ],
    "EMAIL_DELIVERY_COMPLETE.md": [
      {
        "type": "Secret Keyword",
        "filename": "EMAIL_DELIVERY_COMPLETE.md",
        "hashed_secret": "acb78adaa3a2e97d7a2877b988642a275a3aedf8",
        "is_verified": false,
        "line_number": 144
      }
    ],
    "MCP_SETUP_GUIDE.md": [
      {
        "type": "Secret Keyword",
        "filename": "MCP_SETUP_GUIDE.md",
        "hashed_secret": "d72cde51ec0caa5bf53f111998cb8db6db694a78",
        "is_verified": false,
        "line_number": 157
      },
      {
        "type": "Secret Keyword",
        "filename": "MCP_SETUP_GUIDE.md",
        "hashed_secret": "852d05e55db97bb183efc7c7511a1bba27d85824",
        "is_verified": false,
        "line_number": 258
      }
    ],
    "PMS_HUB_IMPLEMENTATION.md": [
      {
        "type": "Secret Keyword",
        "filename": "PMS_HUB_IMPLEMENTATION.md",
        "hashed_secret": "89a6cfe2a229151e8055abee107d45ed087bbb4f",
        "is_verified": false,
        "line_number": 296
      },
      {
        "type": "Secret Keyword",
        "filename": "PMS_HUB_IMPLEMENTATION.md",
        "hashed_secret": "b60d121b438a380c343d5ec3c2037564b82ffef3",
        "is_verified": false,
        "line_number": 388
      }
    ],
    "PMS_HUB_QUICK_REFERENCE.md": [
      {
        "type": "Secret Keyword",
        "filename": "PMS_HUB_QUICK_REFERENCE.md",
        "hashed_secret": "83ff9f4e0d16d61727cbdf47d769fb707b652217",
        "is_verified": false,
        "line_number": 179
      },
      {
        "type": "Secret Keyword",
        "filename": "PMS_HUB_QUICK_REFERENCE.md",
        "hashed_secret": "76a3330d1ebe1e20c9824c59cafac491bcfa43c3",
        "is_verified": false,
        "line_number": 189
      },
      {
        "type": "Secret Keyword",
        "filename": "PMS_HUB_QUICK_REFERENCE.md",
        "hashed_secret": "7b643f9d9cc287eecfd08434618f150d5ce9ce09",
        "is_verified": false,
        "line_number": 190
      }
    ],
    "data/secure_vault.json": [
      {
        "type": "Base64 High Entropy String",
        "filename": "data/secure_vault.json",
        "hashed_secret": "1bd5fdbe160968248da8831dc3173e7744fdc6ad",
        "is_verified": false,
        "line_number": 1
      },
      {
        "type": "Secret Keyword",
        "filename": "data/secure_vault.json",
        "hashed_secret": "1bd5fdbe160968248da8831dc3173e7744fdc6ad",
        "is_verified": false,
        "line_number": 1
      },
      {
        "type": "Base64 High Entropy String",
        "filename": "data/secure_vault.json",
        "hashed_secret": "b513494cce97ebd796b33e63c465534842d085a7",
        "is_verified": false,
        "line_number": 1
      }
    ],
    "docs/DEPLOYMENT_AND_OPERATIONS.md": [
      {
        "type": "Basic Auth Credentials",
        "filename": "docs/DEPLOYMENT_AND_OPERATIONS.md",
        "hashed_secret": "9d4e1e23bd5b727046a9e3b4b7db57bd8d6ee684",
        "is_verified": false,
        "line_number": 220
      }
    ],
    "docs/EMAIL_COMPLETE.md": [
      {
        "type": "Secret Keyword",
        "filename": "docs/EMAIL_COMPLETE.md",
        "hashed_secret": "acb78adaa3a2e97d7a2877b988642a275a3aedf8",
        "is_verified": false,
        "line_number": 70
      }
    ],
    "docs/EMAIL_INTEGRATION_PHASE1.md": [
      {
        "type": "Secret Keyword",
        "filename": "docs/EMAIL_INTEGRATION_PHASE1.md",
        "hashed_secret": "002ef489f4ab9ceaa8f81bd691b850442b967f82",
        "is_verified": false,
        "line_number": 155
      }
    ],
    "docs/EMAIL_QUICK_REFERENCE.md": [
      {
        "type": "Secret Keyword",
        "filename": "docs/EMAIL_QUICK_REFERENCE.md",
        "hashed_secret": "7f456238fb9931f2b221ec19bb58c4f2c32efeb7",
        "is_verified": false,
        "line_number": 24
      }
    ],
    "docs/EMAIL_QUICK_START.md": [
      {
        "type": "Secret Keyword",
        "filename": "docs/EMAIL_QUICK_START.md",
        "hashed_secret": "acb78adaa3a2e97d7a2877b988642a275a3aedf8",
        "is_verified": false,
        "line_number": 27
      }
    ],
    "docs/GMAIL_API_PHASE2_PHASE3.md": [
      {
        "type": "Secret Keyword",
        "filename": "docs/GMAIL_API_PHASE2_PHASE3.md",
        "hashed_secret": "dfd8e9adf613d1b2a46dfac755c50174ccecef4c",
        "is_verified": false,
        "line_number": 118
      }
    ],
    "docs/OLLAMA_QWEN_CONFIG.md": [
      {
        "type": "Secret Keyword",
        "filename": "docs/OLLAMA_QWEN_CONFIG.md",
        "hashed_secret": "6d9c68c603e465077bdd49c62347fe54717f83a3",
        "is_verified": false,
        "line_number": 308
      }
    ],
    "docs/mcp_setup.md": [
      {
        "type": "Secret Keyword",
        "filename": "docs/mcp_setup.md",
        "hashed_secret": "42c67b199720ab077a3a1199c7d24a5f338aa784",
        "is_verified": false,
        "line_number": 47
      }
    ],
    "lib/browser/extract_dom.js": [
      {
        "type": "Base64 High Entropy String",
        "filename": "lib/browser/extract_dom.js",
        "hashed_secret": "e582429052cdb908833560f6f7582d232de37c4d",
        "is_verified": false,
        "line_number": 21
      }
    ],
    "mcp_config_claude.json": [
      {
        "type": "Secret Keyword",
        "filename": "mcp_config_claude.json",
        "hashed_secret": "9d09b00c1a5a3255e4c7367408c70956f69e07d6",
        "is_verified": false,
        "line_number": 30
      },
      {
        "type": "Secret Keyword",
        "filename": "mcp_config_claude.json",
        "hashed_secret": "37c0f71fc43bf72135da9ccaf4c48466a6cae901",
        "is_verified": false,
        "line_number": 92
      },
      {
        "type": "Secret Keyword",
        "filename": "mcp_config_claude.json",
        "hashed_secret": "c683e8e3c7a0335dd1f5b1a88c58f19beae4db1d",
        "is_verified": false,
        "line_number": 123
      },
      {
        "type": "Secret Keyword",
        "filename": "mcp_config_claude.json",
        "hashed_secret": "a5e5a97d122f2bcdd30b3ac0f90771b78f993bca",
        "is_verified": false,
        "line_number": 147
      }
    ],
    "ollama_models/id_ed25519": [
      {
        "type": "Private Key",
        "filename": "ollama_models/id_ed25519",
        "hashed_secret": "27c6929aef41ae2bcadac15ca6abcaff72cda9cd",
        "is_verified": false,
        "line_number": 1
      }
    ],
    "prompts/agent.system.tool.email.md": [
      {
        "type": "Secret Keyword",
        "filename": "prompts/agent.system.tool.email.md",
        "hashed_secret": "002ef489f4ab9ceaa8f81bd691b850442b967f82",
        "is_verified": false,
        "line_number": 21
      }
    ],
    "python/api/telegram_settings_set.py": [
      {
        "type": "Secret Keyword",
        "filename": "python/api/telegram_settings_set.py",
        "hashed_secret": "546757ad7f34b50e3867b7d553dd6fad50cb1636",
        "is_verified": false,
        "line_number": 15
      }
    ],
    "python/helpers/dotenv.py": [
      {
        "type": "Secret Keyword",
        "filename": "python/helpers/dotenv.py",
        "hashed_secret": "52a6471aa091099b287f8b34445ffbfcf007b2fb",
        "is_verified": false,
        "line_number": 10
      },
      {
        "type": "Secret Keyword",
        "filename": "python/helpers/dotenv.py",
        "hashed_secret": "a951c7fa479050643d39d8ae6808c5d05cae03e1",
        "is_verified": false,
        "line_number": 11
      },
      {
        "type": "Secret Keyword",
        "filename": "python/helpers/dotenv.py",
        "hashed_secret": "d1844a0e656404494ef1b49f06911f3d49956e67",
        "is_verified": false,
        "line_number": 12
      }
    ],
    "python/helpers/secrets.py": [
      {
        "type": "Secret Keyword",
        "filename": "python/helpers/secrets.py",
        "hashed_secret": "88437c2d3afc1237572ec11edff64f7b8f4e44a3",
        "is_verified": false,
        "line_number": 19
      }
    ],
    "tests/test_email_integration.py": [
      {
        "type": "Secret Keyword",
        "filename": "tests/test_email_integration.py",
        "hashed_secret": "9fb7fe1217aed442b04c0f5e43b5d5a7d3287097",
        "is_verified": false,
        "line_number": 79
      }
    ],
    "tests/test_email_standalone.py": [
      {
        "type": "Secret Keyword",
        "filename": "tests/test_email_standalone.py",
        "hashed_secret": "9fb7fe1217aed442b04c0f5e43b5d5a7d3287097",
        "is_verified": false,
        "line_number": 60
      }
    ],
    "tests/test_gmail_api_phase2_phase3.py": [
      {
        "type": "Secret Keyword",
        "filename": "tests/test_gmail_api_phase2_phase3.py",
        "hashed_secret": "72cb70dbbafe97e5ea13ad88acd65d08389439b0",
        "is_verified": false,
        "line_number": 138
      },
      {
        "type": "Secret Keyword",
        "filename": "tests/test_gmail_api_phase2_phase3.py",
        "hashed_secret": "233243ef95e736679cb1d5664a4c71ba89c10664",
        "is_verified": false,
        "line_number": 270
      }
    ],
    "tests/test_observability_workflow_smoke.py": [
      {
        "type": "Secret Keyword",
        "filename": "tests/test_observability_workflow_smoke.py",
        "hashed_secret": "99091d046a81493ef2545d8c3cd8e881e8702893",
        "is_verified": false,
        "line_number": 84
      },
      {
        "type": "Secret Keyword",
        "filename": "tests/test_observability_workflow_smoke.py",
        "hashed_secret": "f3bbbd66a63d4bf1747940578ec3d0103530e21d",
        "is_verified": false,
        "line_number": 85
      }
    ],
    "tests/test_pms_providers.py": [
      {
        "type": "Secret Keyword",
        "filename": "tests/test_pms_providers.py",
        "hashed_secret": "00942f4668670f34c5943cf52c7ef3139fe2b8d6",
        "is_verified": false,
        "line_number": 28
      },
      {
        "type": "Secret Keyword",
        "filename": "tests/test_pms_providers.py",
        "hashed_secret": "72cb70dbbafe97e5ea13ad88acd65d08389439b0",
        "is_verified": false,
        "line_number": 371
      },
      {
        "type": "Secret Keyword",
        "filename": "tests/test_pms_providers.py",
        "hashed_secret": "1db33b6fc8959287231e3c15e7f07c693b2d1991",
        "is_verified": false,
        "line_number": 394
      }
    ],
    "tests/test_pms_registry.py": [
      {
        "type": "Secret Keyword",
        "filename": "tests/test_pms_registry.py",
        "hashed_secret": "b60d121b438a380c343d5ec3c2037564b82ffef3",
        "is_verified": false,
        "line_number": 27
      },
      {
        "type": "Secret Keyword",
        "filename": "tests/test_pms_registry.py",
        "hashed_secret": "a94a8fe5ccb19ba61c4c0873d391e987982fbbd3",
        "is_verified": false,
        "line_number": 59
      },
      {
        "type": "Secret Keyword",
        "filename": "tests/test_pms_registry.py",
        "hashed_secret": "c00dbbc9dadfbe1e232e93a729dd4752fade0abf",
        "is_verified": false,
        "line_number": 231
      },
      {
        "type": "Secret Keyword",
        "filename": "tests/test_pms_registry.py",
        "hashed_secret": "c2a6b03f190dfb2b4aa91f8af8d477a9bc3401dc",
        "is_verified": false,
        "line_number": 236
      },
      {
        "type": "Secret Keyword",
        "filename": "tests/test_pms_registry.py",
        "hashed_secret": "9c9c2851a11f00c5ae73b5d4f45b10f104868644",
        "is_verified": false,
        "line_number": 272
      },
      {
        "type": "Secret Keyword",
        "filename": "tests/test_pms_registry.py",
        "hashed_secret": "a6184e23a9a9eb7c642cbb6d93f363ae45007a81",
        "is_verified": false,
        "line_number": 320
      }
    ],
    "tests/test_security_identity.py": [
      {
        "type": "Secret Keyword",
        "filename": "tests/test_security_identity.py",
        "hashed_secret": "9e8702a6c6ed38e6d85b125b6408522f91521b33",
        "is_verified": false,
        "line_number": 68
      }
    ],
    "tests/test_sensitive_token_redaction.py": [
      {
        "type": "Base64 High Entropy String",
        "filename": "tests/test_sensitive_token_redaction.py",
        "hashed_secret": "e6aa9dc072fcb9dbe42761f25c976143c39d3deb",
        "is_verified": false,
        "line_number": 37
      },
      {
        "type": "Base64 High Entropy String",
        "filename": "tests/test_sensitive_token_redaction.py",
        "hashed_secret": "62a36dec11230a184f4076667e1db8efbb54accf",
        "is_verified": false,
        "line_number": 43
      },
      {
        "type": "Base64 High Entropy String",
        "filename": "tests/test_sensitive_token_redaction.py",
        "hashed_secret": "d10994fc61891e0e87a42e066e9de1a272a6bea3",
        "is_verified": false,
        "line_number": 57
      }
    ],
    "webui/components/projects/project-edit-secrets.html": [
      {
        "type": "Secret Keyword",
        "filename": "webui/components/projects/project-edit-secrets.html",
        "hashed_secret": "10884308fa3efc925800c5a0cf38938496346df6",
        "is_verified": false,
        "line_number": 34
      }
    ],
    "webui/components/settings/secrets/example-secrets.html": [
      {
        "type": "Secret Keyword",
        "filename": "webui/components/settings/secrets/example-secrets.html",
        "hashed_secret": "10884308fa3efc925800c5a0cf38938496346df6",
        "is_verified": false,
        "line_number": 22
      },
      {
        "type": "Secret Keyword",
        "filename": "webui/components/settings/secrets/example-secrets.html",
        "hashed_secret": "09e9d8e7fcff30a8e69ceb2770efbb2258eb04f6",
        "is_verified": false,
        "line_number": 25
      },
      {
        "type": "Secret Keyword",
        "filename": "webui/components/settings/secrets/example-secrets.html",
        "hashed_secret": "9605655b974ff18ce71222f461e6cbcfa7098feb",
        "is_verified": false,
        "line_number": 26
      },
      {
        "type": "GitHub Token",
        "filename": "webui/components/settings/secrets/example-secrets.html",
        "hashed_secret": "e175c6f5f2a92e8623bd9a4820edb4e8c1b0fd10",
        "is_verified": false,
        "line_number": 29
      },
      {
        "type": "Secret Keyword",
        "filename": "webui/components/settings/secrets/example-secrets.html",
        "hashed_secret": "aadf263e26d23334f1207014c0620446ac6b8cd9",
        "is_verified": false,
        "line_number": 32
      }
    ],
    "webui/index.html": [
      {
        "type": "Base64 High Entropy String",
        "filename": "webui/index.html",
        "hashed_secret": "7b4d44fec58d1e36bd37a2dc98ecaa8d8d13a690",
        "is_verified": false,
        "line_number": 104
      }
    ],
    "webui/vendor/ace-min/worker-yaml.js": [
      {
        "type": "Base64 High Entropy String",
        "filename": "webui/vendor/ace-min/worker-yaml.js",
        "hashed_secret": "fd8201493aad9512bb25129219813806e68b2c51",
        "is_verified": false,
        "line_number": 1
      }
    ]
  },
  "generated_at": "2026-03-14T22:20:19Z"
}
